---
source: lib/lang/src/compile/transform/list_case_transformer.rs
expression: "create_list_case_transformer().transform(&ListCase::new(Variable::new(\"xs\",\n                                                                      SourceInformation::dummy()),\n                                                        types::List::new(types::Number::new(SourceInformation::dummy()),\n                                                                         SourceInformation::dummy()),\n                                                        \"y\", \"ys\",\n                                                        None::new(SourceInformation::dummy()),\n                                                        None::new(SourceInformation::dummy()),\n                                                        SourceInformation::dummy()))"

---
Ok(
    Case(
        Case {
            type_: Union(
                Union {
                    types: {
                        None(
                            None {
                                source_information: SourceInformation {
                                    source_name: "",
                                    location: Location {
                                        line_number: 0,
                                        column_number: 0,
                                    },
                                    line: "",
                                },
                            },
                        ),
                        Reference(
                            Reference {
                                name: "FirstRest",
                                source_information: SourceInformation {
                                    source_name: "",
                                    location: Location {
                                        line_number: 0,
                                        column_number: 0,
                                    },
                                    line: "",
                                },
                            },
                        ),
                    },
                    source_information: SourceInformation {
                        source_name: "",
                        location: Location {
                            line_number: 0,
                            column_number: 0,
                        },
                        line: "",
                    },
                },
            ),
            name: "$lc$firstRest0",
            argument: Application(
                Application {
                    type_: Function(
                        Function {
                            argument: Reference(
                                Reference {
                                    name: "GenericList",
                                    source_information: SourceInformation {
                                        source_name: "",
                                        location: Location {
                                            line_number: 0,
                                            column_number: 0,
                                        },
                                        line: "",
                                    },
                                },
                            ),
                            result: Union(
                                Union {
                                    types: {
                                        None(
                                            None {
                                                source_information: SourceInformation {
                                                    source_name: "",
                                                    location: Location {
                                                        line_number: 0,
                                                        column_number: 0,
                                                    },
                                                    line: "",
                                                },
                                            },
                                        ),
                                        Reference(
                                            Reference {
                                                name: "FirstRest",
                                                source_information: SourceInformation {
                                                    source_name: "",
                                                    location: Location {
                                                        line_number: 0,
                                                        column_number: 0,
                                                    },
                                                    line: "",
                                                },
                                            },
                                        ),
                                    },
                                    source_information: SourceInformation {
                                        source_name: "",
                                        location: Location {
                                            line_number: 0,
                                            column_number: 0,
                                        },
                                        line: "",
                                    },
                                },
                            ),
                            source_information: SourceInformation {
                                source_name: "",
                                location: Location {
                                    line_number: 0,
                                    column_number: 0,
                                },
                                line: "",
                            },
                        },
                    ),
                    function: Variable(
                        Variable {
                            name: "deconstruct",
                            source_information: SourceInformation {
                                source_name: "",
                                location: Location {
                                    line_number: 0,
                                    column_number: 0,
                                },
                                line: "",
                            },
                        },
                    ),
                    argument: Variable(
                        Variable {
                            name: "xs",
                            source_information: SourceInformation {
                                source_name: "",
                                location: Location {
                                    line_number: 0,
                                    column_number: 0,
                                },
                                line: "",
                            },
                        },
                    ),
                    source_information: SourceInformation {
                        source_name: "",
                        location: Location {
                            line_number: 0,
                            column_number: 0,
                        },
                        line: "",
                    },
                },
            ),
            alternatives: [
                Alternative {
                    type_: None(
                        None {
                            source_information: SourceInformation {
                                source_name: "",
                                location: Location {
                                    line_number: 0,
                                    column_number: 0,
                                },
                                line: "",
                            },
                        },
                    ),
                    expression: None(
                        None {
                            source_information: SourceInformation {
                                source_name: "",
                                location: Location {
                                    line_number: 0,
                                    column_number: 0,
                                },
                                line: "",
                            },
                        },
                    ),
                },
                Alternative {
                    type_: Reference(
                        Reference {
                            name: "FirstRest",
                            source_information: SourceInformation {
                                source_name: "",
                                location: Location {
                                    line_number: 0,
                                    column_number: 0,
                                },
                                line: "",
                            },
                        },
                    ),
                    expression: Let(
                        Let {
                            definitions: [
                                VariableDefinition(
                                    VariableDefinition {
                                        name: "y",
                                        body: Case(
                                            Case {
                                                type_: Any(
                                                    Any {
                                                        source_information: SourceInformation {
                                                            source_name: "",
                                                            location: Location {
                                                                line_number: 0,
                                                                column_number: 0,
                                                            },
                                                            line: "",
                                                        },
                                                    },
                                                ),
                                                name: "$lc$firstRest0",
                                                argument: Application(
                                                    Application {
                                                        type_: Function(
                                                            Function {
                                                                argument: Reference(
                                                                    Reference {
                                                                        name: "FirstRest",
                                                                        source_information: SourceInformation {
                                                                            source_name: "",
                                                                            location: Location {
                                                                                line_number: 0,
                                                                                column_number: 0,
                                                                            },
                                                                            line: "",
                                                                        },
                                                                    },
                                                                ),
                                                                result: Any(
                                                                    Any {
                                                                        source_information: SourceInformation {
                                                                            source_name: "",
                                                                            location: Location {
                                                                                line_number: 0,
                                                                                column_number: 0,
                                                                            },
                                                                            line: "",
                                                                        },
                                                                    },
                                                                ),
                                                                source_information: SourceInformation {
                                                                    source_name: "",
                                                                    location: Location {
                                                                        line_number: 0,
                                                                        column_number: 0,
                                                                    },
                                                                    line: "",
                                                                },
                                                            },
                                                        ),
                                                        function: Variable(
                                                            Variable {
                                                                name: "first",
                                                                source_information: SourceInformation {
                                                                    source_name: "",
                                                                    location: Location {
                                                                        line_number: 0,
                                                                        column_number: 0,
                                                                    },
                                                                    line: "",
                                                                },
                                                            },
                                                        ),
                                                        argument: Variable(
                                                            Variable {
                                                                name: "$lc$firstRest0",
                                                                source_information: SourceInformation {
                                                                    source_name: "",
                                                                    location: Location {
                                                                        line_number: 0,
                                                                        column_number: 0,
                                                                    },
                                                                    line: "",
                                                                },
                                                            },
                                                        ),
                                                        source_information: SourceInformation {
                                                            source_name: "",
                                                            location: Location {
                                                                line_number: 0,
                                                                column_number: 0,
                                                            },
                                                            line: "",
                                                        },
                                                    },
                                                ),
                                                alternatives: [
                                                    Alternative {
                                                        type_: Number(
                                                            Number {
                                                                source_information: SourceInformation {
                                                                    source_name: "",
                                                                    location: Location {
                                                                        line_number: 0,
                                                                        column_number: 0,
                                                                    },
                                                                    line: "",
                                                                },
                                                            },
                                                        ),
                                                        expression: Variable(
                                                            Variable {
                                                                name: "$lc$firstRest0",
                                                                source_information: SourceInformation {
                                                                    source_name: "",
                                                                    location: Location {
                                                                        line_number: 0,
                                                                        column_number: 0,
                                                                    },
                                                                    line: "",
                                                                },
                                                            },
                                                        ),
                                                    },
                                                ],
                                                source_information: SourceInformation {
                                                    source_name: "",
                                                    location: Location {
                                                        line_number: 0,
                                                        column_number: 0,
                                                    },
                                                    line: "",
                                                },
                                            },
                                        ),
                                        type_: Number(
                                            Number {
                                                source_information: SourceInformation {
                                                    source_name: "",
                                                    location: Location {
                                                        line_number: 0,
                                                        column_number: 0,
                                                    },
                                                    line: "",
                                                },
                                            },
                                        ),
                                        source_information: SourceInformation {
                                            source_name: "",
                                            location: Location {
                                                line_number: 0,
                                                column_number: 0,
                                            },
                                            line: "",
                                        },
                                    },
                                ),
                                VariableDefinition(
                                    VariableDefinition {
                                        name: "ys",
                                        body: Application(
                                            Application {
                                                type_: Function(
                                                    Function {
                                                        argument: Reference(
                                                            Reference {
                                                                name: "FirstRest",
                                                                source_information: SourceInformation {
                                                                    source_name: "",
                                                                    location: Location {
                                                                        line_number: 0,
                                                                        column_number: 0,
                                                                    },
                                                                    line: "",
                                                                },
                                                            },
                                                        ),
                                                        result: Reference(
                                                            Reference {
                                                                name: "GenericList",
                                                                source_information: SourceInformation {
                                                                    source_name: "",
                                                                    location: Location {
                                                                        line_number: 0,
                                                                        column_number: 0,
                                                                    },
                                                                    line: "",
                                                                },
                                                            },
                                                        ),
                                                        source_information: SourceInformation {
                                                            source_name: "",
                                                            location: Location {
                                                                line_number: 0,
                                                                column_number: 0,
                                                            },
                                                            line: "",
                                                        },
                                                    },
                                                ),
                                                function: Variable(
                                                    Variable {
                                                        name: "rest",
                                                        source_information: SourceInformation {
                                                            source_name: "",
                                                            location: Location {
                                                                line_number: 0,
                                                                column_number: 0,
                                                            },
                                                            line: "",
                                                        },
                                                    },
                                                ),
                                                argument: Variable(
                                                    Variable {
                                                        name: "$lc$firstRest0",
                                                        source_information: SourceInformation {
                                                            source_name: "",
                                                            location: Location {
                                                                line_number: 0,
                                                                column_number: 0,
                                                            },
                                                            line: "",
                                                        },
                                                    },
                                                ),
                                                source_information: SourceInformation {
                                                    source_name: "",
                                                    location: Location {
                                                        line_number: 0,
                                                        column_number: 0,
                                                    },
                                                    line: "",
                                                },
                                            },
                                        ),
                                        type_: List(
                                            List {
                                                element: Number(
                                                    Number {
                                                        source_information: SourceInformation {
                                                            source_name: "",
                                                            location: Location {
                                                                line_number: 0,
                                                                column_number: 0,
                                                            },
                                                            line: "",
                                                        },
                                                    },
                                                ),
                                                source_information: SourceInformation {
                                                    source_name: "",
                                                    location: Location {
                                                        line_number: 0,
                                                        column_number: 0,
                                                    },
                                                    line: "",
                                                },
                                            },
                                        ),
                                        source_information: SourceInformation {
                                            source_name: "",
                                            location: Location {
                                                line_number: 0,
                                                column_number: 0,
                                            },
                                            line: "",
                                        },
                                    },
                                ),
                            ],
                            expression: None(
                                None {
                                    source_information: SourceInformation {
                                        source_name: "",
                                        location: Location {
                                            line_number: 0,
                                            column_number: 0,
                                        },
                                        line: "",
                                    },
                                },
                            ),
                            source_information: SourceInformation {
                                source_name: "",
                                location: Location {
                                    line_number: 0,
                                    column_number: 0,
                                },
                                line: "",
                            },
                        },
                    ),
                },
            ],
            source_information: SourceInformation {
                source_name: "",
                location: Location {
                    line_number: 0,
                    column_number: 0,
                },
                line: "",
            },
        },
    ),
)
