---
source: lib/lang/src/compile/type_inference/mod.rs
expression: "infer_types(&Module::from_definitions(vec![VariableDefinition ::\n                                           new(\"x\", Boolean ::\n                                               new(true, SourceInformation ::\n                                                   dummy()), types :: Any ::\n                                               new(SourceInformation ::\n                                                   dummy()), SourceInformation\n                                               :: dummy(),) . into()]))"

---
Ok(
    Module {
        path: ModulePath {
            package: Package {
                name: "",
                version: "",
            },
            components: [],
        },
        type_definitions: [],
        definitions: [
            VariableDefinition(
                VariableDefinition {
                    name: "x",
                    body: Boolean(
                        Boolean {
                            value: true,
                            source_information: SourceInformation {
                                source_name: "",
                                location: Location {
                                    line_number: 0,
                                    column_number: 0,
                                },
                                line: "",
                            },
                        },
                    ),
                    type_: Any(
                        Any {
                            source_information: SourceInformation {
                                source_name: "",
                                location: Location {
                                    line_number: 0,
                                    column_number: 0,
                                },
                                line: "",
                            },
                        },
                    ),
                    source_information: SourceInformation {
                        source_name: "",
                        location: Location {
                            line_number: 0,
                            column_number: 0,
                        },
                        line: "",
                    },
                },
            ),
        ],
        export: Export {
            names: {},
        },
        export_foreign: ExportForeign {
            names: {},
        },
        imports: [],
        import_foreigns: [],
    },
)
